OpenJDK 64-Bit Server VM (24.85-b03) for linux-amd64 JRE (1.7.0_85-b01), built on Oct 22 2015 06:46:50 by "buildd" with gcc 4.8.2
Memory: 4k page, physical 16118284k(11778176k free), swap 16456700k(16456700k free)
CommandLine flags: -XX:+CMSIncrementalMode -XX:InitialHeapSize=257892544 -XX:MaxHeapSize=4126280704 -XX:MaxNewSize=697933824 -XX:MaxTenuringThreshold=6 -XX:OldPLABSize=16 -XX:+PrintGC -XX:+PrintGCTimeStamps -XX:+UseCompressedOops -XX:+UseConcMarkSweepGC -XX:+UseParNewGC 
0.150: [GC 67200K->70451K(243520K), 0.2647270 secs]
0.446: [GC 101866K(243520K), 0.0271370 secs]
0.515: [GC 137651K->146895K(243520K), 0.0880010 secs]
0.677: [GC 214095K->223919K(291712K), 0.1102370 secs]
0.864: [GC 291119K->301561K(369280K), 0.1162500 secs]
1.051: [GC 368761K->379178K(446848K), 0.1139990 secs]
1.237: [GC 446378K->456882K(524416K), 0.1145900 secs]
1.422: [GC 524082K->534575K(602368K), 0.1192710 secs]
1.618: [GC 601775K->612477K(680128K), 0.1204910 secs]
1.813: [GC 679677K->690154K(757888K), 0.1206860 secs]
2.005: [GC 757354K->767851K(835648K), 0.1092310 secs]
2.186: [GC 835051K->845267K(913024K), 0.1231840 secs]
2.384: [GC 912467K->922466K(990208K), 0.1143870 secs]
2.566: [GC 989666K->998615K(1066240K), 0.1057430 secs]
2.740: [GC 1065815K->1076603K(1144384K), 0.1209270 secs]
