OpenJDK 64-Bit Server VM (24.85-b03) for linux-amd64 JRE (1.7.0_85-b01), built on Oct 22 2015 06:46:50 by "buildd" with gcc 4.8.2
Memory: 4k page, physical 16118284k(11798964k free), swap 16456700k(16456700k free)
CommandLine flags: -XX:+CMSIncrementalMode -XX:InitialHeapSize=257892544 -XX:MaxHeapSize=4126280704 -XX:MaxNewSize=697933824 -XX:MaxTenuringThreshold=6 -XX:OldPLABSize=16 -XX:+PrintGC -XX:+PrintGCTimeStamps -XX:+UseCompressedOops -XX:+UseConcMarkSweepGC -XX:+UseParNewGC 
0.139: [GC 67200K->70470K(243520K), 0.2527000 secs]
0.424: [GC 101886K(243520K), 0.0264790 secs]
0.492: [GC 137670K->146825K(243520K), 0.0918080 secs]
0.657: [GC 214025K->223936K(291712K), 0.1122140 secs]
0.846: [GC 291136K->301557K(369280K), 0.1192630 secs]
1.037: [GC 368757K->379118K(446656K), 0.1198580 secs]
1.228: [GC 446318K->456858K(524416K), 0.1233670 secs]
1.422: [GC 524058K->534616K(602176K), 0.1194950 secs]
1.616: [GC 601816K->612458K(680128K), 0.1278170 secs]
1.814: [GC 679658K->690154K(757888K), 0.1117250 secs]
1.997: [GC 757354K->767862K(835456K), 0.1219060 secs]
2.189: [GC 835062K->845439K(913024K), 0.1101490 secs]
2.373: [GC 912639K->922765K(990400K), 0.1184700 secs]
2.560: [GC 989965K->998816K(1066432K), 0.1171360 secs]
2.750: [GC 1066016K->1076828K(1144576K), 0.1168910 secs]
